%s:8 PhanCompatibleShortArrayAssignPHP70 Square bracket syntax for an array destructuring assignment is not compatible with PHP 7.0
%s:11 PhanCompatibleShortArrayAssignPHP70 Square bracket syntax for an array destructuring assignment is not compatible with PHP 7.0
