%s:14 PhanCompatibleMultiExceptionCatchPHP70 Catching multiple exceptions is not supported before PHP 7.1
